[76266:374005:0908/183800.430638:ERROR:ui/display/mac/cv_display_link_mac.mm:195] CVDisplayLinkCreateWithCGDisplay failed. CVReturn: -6670
[76266:374005:0908/183800.431138:ERROR:ui/display/mac/cv_display_link_mac.mm:195] CVDisplayLinkCreateWithCGDisplay failed. CVReturn: -6670
[76266:374005:0908/183800.431197:ERROR:ui/display/mac/cv_display_link_mac.mm:195] CVDisplayLinkCreateWithCGDisplay failed. CVReturn: -6670
[76266:374005:0908/183800.431254:ERROR:ui/display/mac/cv_display_link_mac.mm:195] CVDisplayLinkCreateWithCGDisplay failed. CVReturn: -6670
[76266:374005:0908/183800.431309:ERROR:ui/display/mac/cv_display_link_mac.mm:195] CVDisplayLinkCreateWithCGDisplay failed. CVReturn: -6670
[76266:374005:0908/183800.431378:ERROR:ui/display/mac/cv_display_link_mac.mm:195] CVDisplayLinkCreateWithCGDisplay failed. CVReturn: -6670
[76266:374005:0908/183800.969557:ERROR:ui/display/mac/cv_display_link_mac.mm:195] CVDisplayLinkCreateWithCGDisplay failed. CVReturn: -6670
[76266:374005:0908/183800.982310:ERROR:ui/display/mac/cv_display_link_mac.mm:195] CVDisplayLinkCreateWithCGDisplay failed. CVReturn: -6670
[76266:374005:0908/183801.076662:ERROR:ui/display/mac/cv_display_link_mac.mm:195] CVDisplayLinkCreateWithCGDisplay failed. CVReturn: -6670
[76266:374005:0908/183801.077453:ERROR:ui/display/mac/cv_display_link_mac.mm:195] CVDisplayLinkCreateWithCGDisplay failed. CVReturn: -6670
[76266:374005:0908/183801.077662:ERROR:ui/display/mac/cv_display_link_mac.mm:195] CVDisplayLinkCreateWithCGDisplay failed. CVReturn: -6670
[76266:374005:0908/183801.077720:ERROR:ui/display/mac/cv_display_link_mac.mm:195] CVDisplayLinkCreateWithCGDisplay failed. CVReturn: -6670
[76266:374005:0908/183801.077869:ERROR:ui/display/mac/cv_display_link_mac.mm:195] CVDisplayLinkCreateWithCGDisplay failed. CVReturn: -6670
Trying to load the allocator multiple times. This is *not* supported.
[76266:374005:0908/183802.667377:ERROR:ui/display/mac/cv_display_link_mac.mm:195] CVDisplayLinkCreateWithCGDisplay failed. CVReturn: -6670
[76266:374005:0908/183802.790139:ERROR:ui/display/mac/cv_display_link_mac.mm:195] CVDisplayLinkCreateWithCGDisplay failed. CVReturn: -6670
[76266:374005:0908/183803.322161:ERROR:ui/display/mac/cv_display_link_mac.mm:195] CVDisplayLinkCreateWithCGDisplay failed. CVReturn: -6670
[76266:374005:0908/183803.376409:ERROR:ui/display/mac/cv_display_link_mac.mm:195] CVDisplayLinkCreateWithCGDisplay failed. CVReturn: -6670
[76258:373958:0908/183803.429993:ERROR:base/process/process_mac.cc:53] task_policy_set TASK_CATEGORY_POLICY: (os/kern) invalid argument (4)
[76258:373958:0908/183803.430021:ERROR:base/process/process_mac.cc:98] task_policy_set TASK_SUPPRESSION_POLICY: (os/kern) invalid argument (4)
[76266:374005:0908/183803.454357:ERROR:ui/display/mac/cv_display_link_mac.mm:195] CVDisplayLinkCreateWithCGDisplay failed. CVReturn: -6670
[76258:373872:0908/183803.473107:ERROR:chrome/browser/web_applications/externally_managed_app_manager.cc:680] https://docs.google.com/spreadsheets/installwebapp?usp=chrome_default from install source 1 failed to install with reason 21
